Archive member included to satisfy reference by file (symbol)

c:/program files (x86)/atmel/studio/7.0/toolchain/avr8/avr8-gnu-toolchain/bin/../lib/gcc/avr/5.4.0/avr5\libgcc.a(_exit.o)
                              C:/Program Files (x86)/Atmel/Studio/7.0/Packs/atmel/ATmega_DFP/1.7.374/gcc/dev/atmega32/avr5/crtatmega32.o (exit)
c:/program files (x86)/atmel/studio/7.0/toolchain/avr8/avr8-gnu-toolchain/bin/../lib/gcc/avr/5.4.0/avr5\libgcc.a(_clear_bss.o)
                              Application/APP.o (__do_clear_bss)

Discarded input sections

 .data          0x00000000        0x0 C:/Program Files (x86)/Atmel/Studio/7.0/Packs/atmel/ATmega_DFP/1.7.374/gcc/dev/atmega32/avr5/crtatmega32.o
 .bss           0x00000000        0x0 C:/Program Files (x86)/Atmel/Studio/7.0/Packs/atmel/ATmega_DFP/1.7.374/gcc/dev/atmega32/avr5/crtatmega32.o
 .text          0x00000000        0x0 Application/APP.o
 .data          0x00000000        0x0 Application/APP.o
 .bss           0x00000000        0x0 Application/APP.o
 .text          0x00000000        0x0 ECUAL/BUTTON/BUTTON.o
 .data          0x00000000        0x0 ECUAL/BUTTON/BUTTON.o
 .bss           0x00000000        0x0 ECUAL/BUTTON/BUTTON.o
 .text.BUTTON_init
                0x00000000       0x1e ECUAL/BUTTON/BUTTON.o
 .text.BUTTON_read
                0x00000000        0x6 ECUAL/BUTTON/BUTTON.o
 .text          0x00000000        0x0 ECUAL/LED/LED.o
 .data          0x00000000        0x0 ECUAL/LED/LED.o
 .bss           0x00000000        0x0 ECUAL/LED/LED.o
 .text.LED_toggle
                0x00000000        0x6 ECUAL/LED/LED.o
 .text          0x00000000        0x0 main.o
 .data          0x00000000        0x0 main.o
 .bss           0x00000000        0x0 main.o
 .text          0x00000000        0x0 MCAL/DIO/DIO.o
 .data          0x00000000        0x0 MCAL/DIO/DIO.o
 .bss           0x00000000        0x0 MCAL/DIO/DIO.o
 .text.DIO_toggle
                0x00000000       0x68 MCAL/DIO/DIO.o
 .text.DIO_read
                0x00000000       0x5c MCAL/DIO/DIO.o
 .text          0x00000000        0x0 MCAL/EX_INTERRUPT/EX_INTERRUPT.o
 .data          0x00000000        0x0 MCAL/EX_INTERRUPT/EX_INTERRUPT.o
 .bss           0x00000000        0x0 MCAL/EX_INTERRUPT/EX_INTERRUPT.o
 .text          0x00000000        0x0 MCAL/TIMER/TIMER1.o
 .data          0x00000000        0x0 MCAL/TIMER/TIMER1.o
 .bss           0x00000000        0x0 MCAL/TIMER/TIMER1.o
 .text.TIMER1_normalMode_init
                0x00000000       0x20 MCAL/TIMER/TIMER1.o
 .text.TIMER1_write
                0x00000000        0x6 MCAL/TIMER/TIMER1.o
 .text          0x00000000        0x0 SERVICES/DELAY/DELAY_MS.o
 .data          0x00000000        0x0 SERVICES/DELAY/DELAY_MS.o
 .bss           0x00000000        0x0 SERVICES/DELAY/DELAY_MS.o
 .text          0x00000000        0x0 c:/program files (x86)/atmel/studio/7.0/toolchain/avr8/avr8-gnu-toolchain/bin/../lib/gcc/avr/5.4.0/avr5\libgcc.a(_exit.o)
 .data          0x00000000        0x0 c:/program files (x86)/atmel/studio/7.0/toolchain/avr8/avr8-gnu-toolchain/bin/../lib/gcc/avr/5.4.0/avr5\libgcc.a(_exit.o)
 .bss           0x00000000        0x0 c:/program files (x86)/atmel/studio/7.0/toolchain/avr8/avr8-gnu-toolchain/bin/../lib/gcc/avr/5.4.0/avr5\libgcc.a(_exit.o)
 .text.libgcc.mul
                0x00000000        0x0 c:/program files (x86)/atmel/studio/7.0/toolchain/avr8/avr8-gnu-toolchain/bin/../lib/gcc/avr/5.4.0/avr5\libgcc.a(_exit.o)
 .text.libgcc.div
                0x00000000        0x0 c:/program files (x86)/atmel/studio/7.0/toolchain/avr8/avr8-gnu-toolchain/bin/../lib/gcc/avr/5.4.0/avr5\libgcc.a(_exit.o)
 .text.libgcc   0x00000000        0x0 c:/program files (x86)/atmel/studio/7.0/toolchain/avr8/avr8-gnu-toolchain/bin/../lib/gcc/avr/5.4.0/avr5\libgcc.a(_exit.o)
 .text.libgcc.prologue
                0x00000000        0x0 c:/program files (x86)/atmel/studio/7.0/toolchain/avr8/avr8-gnu-toolchain/bin/../lib/gcc/avr/5.4.0/avr5\libgcc.a(_exit.o)
 .text.libgcc.builtins
                0x00000000        0x0 c:/program files (x86)/atmel/studio/7.0/toolchain/avr8/avr8-gnu-toolchain/bin/../lib/gcc/avr/5.4.0/avr5\libgcc.a(_exit.o)
 .text.libgcc.fmul
                0x00000000        0x0 c:/program files (x86)/atmel/studio/7.0/toolchain/avr8/avr8-gnu-toolchain/bin/../lib/gcc/avr/5.4.0/avr5\libgcc.a(_exit.o)
 .text.libgcc.fixed
                0x00000000        0x0 c:/program files (x86)/atmel/studio/7.0/toolchain/avr8/avr8-gnu-toolchain/bin/../lib/gcc/avr/5.4.0/avr5\libgcc.a(_exit.o)
 .text          0x00000000        0x0 c:/program files (x86)/atmel/studio/7.0/toolchain/avr8/avr8-gnu-toolchain/bin/../lib/gcc/avr/5.4.0/avr5\libgcc.a(_clear_bss.o)
 .data          0x00000000        0x0 c:/program files (x86)/atmel/studio/7.0/toolchain/avr8/avr8-gnu-toolchain/bin/../lib/gcc/avr/5.4.0/avr5\libgcc.a(_clear_bss.o)
 .bss           0x00000000        0x0 c:/program files (x86)/atmel/studio/7.0/toolchain/avr8/avr8-gnu-toolchain/bin/../lib/gcc/avr/5.4.0/avr5\libgcc.a(_clear_bss.o)
 .text.libgcc.mul
                0x00000000        0x0 c:/program files (x86)/atmel/studio/7.0/toolchain/avr8/avr8-gnu-toolchain/bin/../lib/gcc/avr/5.4.0/avr5\libgcc.a(_clear_bss.o)
 .text.libgcc.div
                0x00000000        0x0 c:/program files (x86)/atmel/studio/7.0/toolchain/avr8/avr8-gnu-toolchain/bin/../lib/gcc/avr/5.4.0/avr5\libgcc.a(_clear_bss.o)
 .text.libgcc   0x00000000        0x0 c:/program files (x86)/atmel/studio/7.0/toolchain/avr8/avr8-gnu-toolchain/bin/../lib/gcc/avr/5.4.0/avr5\libgcc.a(_clear_bss.o)
 .text.libgcc.prologue
                0x00000000        0x0 c:/program files (x86)/atmel/studio/7.0/toolchain/avr8/avr8-gnu-toolchain/bin/../lib/gcc/avr/5.4.0/avr5\libgcc.a(_clear_bss.o)
 .text.libgcc.builtins
                0x00000000        0x0 c:/program files (x86)/atmel/studio/7.0/toolchain/avr8/avr8-gnu-toolchain/bin/../lib/gcc/avr/5.4.0/avr5\libgcc.a(_clear_bss.o)
 .text.libgcc.fmul
                0x00000000        0x0 c:/program files (x86)/atmel/studio/7.0/toolchain/avr8/avr8-gnu-toolchain/bin/../lib/gcc/avr/5.4.0/avr5\libgcc.a(_clear_bss.o)
 .text.libgcc.fixed
                0x00000000        0x0 c:/program files (x86)/atmel/studio/7.0/toolchain/avr8/avr8-gnu-toolchain/bin/../lib/gcc/avr/5.4.0/avr5\libgcc.a(_clear_bss.o)

Memory Configuration

Name             Origin             Length             Attributes
text             0x00000000         0x00008000         xr
data             0x00800060         0x00000800         rw !x
eeprom           0x00810000         0x00000400         rw !x
fuse             0x00820000         0x00000002         rw !x
lock             0x00830000         0x00000400         rw !x
signature        0x00840000         0x00000400         rw !x
user_signatures  0x00850000         0x00000400         rw !x
*default*        0x00000000         0xffffffff

Linker script and memory map

LOAD C:/Program Files (x86)/Atmel/Studio/7.0/Packs/atmel/ATmega_DFP/1.7.374/gcc/dev/atmega32/avr5/crtatmega32.o
LOAD Application/APP.o
LOAD ECUAL/BUTTON/BUTTON.o
LOAD ECUAL/LED/LED.o
LOAD main.o
LOAD MCAL/DIO/DIO.o
LOAD MCAL/EX_INTERRUPT/EX_INTERRUPT.o
LOAD MCAL/TIMER/TIMER1.o
LOAD SERVICES/DELAY/DELAY_MS.o
START GROUP
LOAD c:/program files (x86)/atmel/studio/7.0/toolchain/avr8/avr8-gnu-toolchain/bin/../lib/gcc/avr/5.4.0/../../../../avr/lib/avr5\libm.a
END GROUP
START GROUP
LOAD c:/program files (x86)/atmel/studio/7.0/toolchain/avr8/avr8-gnu-toolchain/bin/../lib/gcc/avr/5.4.0/avr5\libgcc.a
LOAD c:/program files (x86)/atmel/studio/7.0/toolchain/avr8/avr8-gnu-toolchain/bin/../lib/gcc/avr/5.4.0/../../../../avr/lib/avr5\libm.a
LOAD c:/program files (x86)/atmel/studio/7.0/toolchain/avr8/avr8-gnu-toolchain/bin/../lib/gcc/avr/5.4.0/../../../../avr/lib/avr5\libc.a
LOAD C:/Program Files (x86)/Atmel/Studio/7.0/Packs/atmel/ATmega_DFP/1.7.374/gcc/dev/atmega32/avr5\libatmega32.a
END GROUP
                0x00000000                __TEXT_REGION_ORIGIN__ = DEFINED (__TEXT_REGION_ORIGIN__)?__TEXT_REGION_ORIGIN__:0x0
                [0x00800060]                __DATA_REGION_ORIGIN__ = DEFINED (__DATA_REGION_ORIGIN__)?__DATA_REGION_ORIGIN__:0x800060
                [0x00008000]                __TEXT_REGION_LENGTH__ = DEFINED (__TEXT_REGION_LENGTH__)?__TEXT_REGION_LENGTH__:0x20000
                [0x00000800]                __DATA_REGION_LENGTH__ = DEFINED (__DATA_REGION_LENGTH__)?__DATA_REGION_LENGTH__:0xffa0
                [0x00000400]                __EEPROM_REGION_LENGTH__ = DEFINED (__EEPROM_REGION_LENGTH__)?__EEPROM_REGION_LENGTH__:0x10000
                [0x00000002]                __FUSE_REGION_LENGTH__ = DEFINED (__FUSE_REGION_LENGTH__)?__FUSE_REGION_LENGTH__:0x400
                0x00000400                __LOCK_REGION_LENGTH__ = DEFINED (__LOCK_REGION_LENGTH__)?__LOCK_REGION_LENGTH__:0x400
                0x00000400                __SIGNATURE_REGION_LENGTH__ = DEFINED (__SIGNATURE_REGION_LENGTH__)?__SIGNATURE_REGION_LENGTH__:0x400
                0x00000400                __USER_SIGNATURE_REGION_LENGTH__ = DEFINED (__USER_SIGNATURE_REGION_LENGTH__)?__USER_SIGNATURE_REGION_LENGTH__:0x400

.hash
 *(.hash)

.dynsym
 *(.dynsym)

.dynstr
 *(.dynstr)

.gnu.version
 *(.gnu.version)

.gnu.version_d
 *(.gnu.version_d)

.gnu.version_r
 *(.gnu.version_r)

.rel.init
 *(.rel.init)

.rela.init
 *(.rela.init)

.rel.text
 *(.rel.text)
 *(.rel.text.*)
 *(.rel.gnu.linkonce.t*)

.rela.text
 *(.rela.text)
 *(.rela.text.*)
 *(.rela.gnu.linkonce.t*)

.rel.fini
 *(.rel.fini)

.rela.fini
 *(.rela.fini)

.rel.rodata
 *(.rel.rodata)
 *(.rel.rodata.*)
 *(.rel.gnu.linkonce.r*)

.rela.rodata
 *(.rela.rodata)
 *(.rela.rodata.*)
 *(.rela.gnu.linkonce.r*)

.rel.data
 *(.rel.data)
 *(.rel.data.*)
 *(.rel.gnu.linkonce.d*)

.rela.data
 *(.rela.data)
 *(.rela.data.*)
 *(.rela.gnu.linkonce.d*)

.rel.ctors
 *(.rel.ctors)

.rela.ctors
 *(.rela.ctors)

.rel.dtors
 *(.rel.dtors)

.rela.dtors
 *(.rela.dtors)

.rel.got
 *(.rel.got)

.rela.got
 *(.rela.got)

.rel.bss
 *(.rel.bss)

.rela.bss
 *(.rela.bss)

.rel.plt
 *(.rel.plt)

.rela.plt
 *(.rela.plt)

.text           0x00000000      0x776
 *(.vectors)
 .vectors       0x00000000       0x54 C:/Program Files (x86)/Atmel/Studio/7.0/Packs/atmel/ATmega_DFP/1.7.374/gcc/dev/atmega32/avr5/crtatmega32.o
                0x00000000                __vector_default
                0x00000000                __vectors
 *(.vectors)
 *(.progmem.gcc*)
                0x00000054                . = ALIGN (0x2)
                0x00000054                __trampolines_start = .
 *(.trampolines)
 .trampolines   0x00000054        0x0 linker stubs
 *(.trampolines*)
                0x00000054                __trampolines_end = .
 *libprintf_flt.a:*(.progmem.data)
 *libc.a:*(.progmem.data)
 *(.progmem*)
                0x00000054                . = ALIGN (0x2)
 *(.jumptables)
 *(.jumptables*)
 *(.lowtext)
 *(.lowtext*)
                0x00000054                __ctors_start = .
 *(.ctors)
                0x00000054                __ctors_end = .
                0x00000054                __dtors_start = .
 *(.dtors)
                0x00000054                __dtors_end = .
 SORT(*)(.ctors)
 SORT(*)(.dtors)
 *(.init0)
 .init0         0x00000054        0x0 C:/Program Files (x86)/Atmel/Studio/7.0/Packs/atmel/ATmega_DFP/1.7.374/gcc/dev/atmega32/avr5/crtatmega32.o
                0x00000054                __init
 *(.init0)
 *(.init1)
 *(.init1)
 *(.init2)
 .init2         0x00000054        0xc C:/Program Files (x86)/Atmel/Studio/7.0/Packs/atmel/ATmega_DFP/1.7.374/gcc/dev/atmega32/avr5/crtatmega32.o
 *(.init2)
 *(.init3)
 *(.init3)
 *(.init4)
 .init4         0x00000060       0x10 c:/program files (x86)/atmel/studio/7.0/toolchain/avr8/avr8-gnu-toolchain/bin/../lib/gcc/avr/5.4.0/avr5\libgcc.a(_clear_bss.o)
                0x00000060                __do_clear_bss
 *(.init4)
 *(.init5)
 *(.init5)
 *(.init6)
 *(.init6)
 *(.init7)
 *(.init7)
 *(.init8)
 *(.init8)
 *(.init9)
 .init9         0x00000070        0x8 C:/Program Files (x86)/Atmel/Studio/7.0/Packs/atmel/ATmega_DFP/1.7.374/gcc/dev/atmega32/avr5/crtatmega32.o
 *(.init9)
 *(.text)
 .text          0x00000078        0x4 C:/Program Files (x86)/Atmel/Studio/7.0/Packs/atmel/ATmega_DFP/1.7.374/gcc/dev/atmega32/avr5/crtatmega32.o
                0x00000078                __vector_12
                0x00000078                __bad_interrupt
                0x00000078                __vector_6
                0x00000078                __vector_11
                0x00000078                __vector_13
                0x00000078                __vector_17
                0x00000078                __vector_19
                0x00000078                __vector_5
                0x00000078                __vector_4
                0x00000078                __vector_9
                0x00000078                __vector_15
                0x00000078                __vector_8
                0x00000078                __vector_14
                0x00000078                __vector_10
                0x00000078                __vector_16
                0x00000078                __vector_18
                0x00000078                __vector_20
                0x0000007c                . = ALIGN (0x2)
 *(.text.*)
 .text.button_func
                0x0000007c        0x8 Application/APP.o
                0x0000007c                button_func
 .text.APP_init
                0x00000084       0x4a Application/APP.o
                0x00000084                APP_init
 .text.APP_loop
                0x000000ce      0x1c6 Application/APP.o
                0x000000ce                APP_loop
 .text.BUTTON_init_with_interrupt
                0x00000294       0x3c ECUAL/BUTTON/BUTTON.o
                0x00000294                BUTTON_init_with_interrupt
 .text.LED_init
                0x000002d0        0x8 ECUAL/LED/LED.o
                0x000002d0                LED_init
 .text.LED_on   0x000002d8        0x8 ECUAL/LED/LED.o
                0x000002d8                LED_on
 .text.LED_off  0x000002e0        0x8 ECUAL/LED/LED.o
                0x000002e0                LED_off
 .text.main     0x000002e8        0xe main.o
                0x000002e8                main
 .text.DIO_init_pin
                0x000002f6       0xe2 MCAL/DIO/DIO.o
                0x000002f6                DIO_init_pin
 .text.DIO_write
                0x000003d8       0xe2 MCAL/DIO/DIO.o
                0x000003d8                DIO_write
 .text.EX_INTERRUPT_init
                0x000004ba       0xe8 MCAL/EX_INTERRUPT/EX_INTERRUPT.o
                0x000004ba                EX_INTERRUPT_init
 .text.__vector_1
                0x000005a2       0x52 MCAL/EX_INTERRUPT/EX_INTERRUPT.o
                0x000005a2                __vector_1
 .text.__vector_2
                0x000005f4       0x52 MCAL/EX_INTERRUPT/EX_INTERRUPT.o
                0x000005f4                __vector_2
 .text.__vector_3
                0x00000646       0x52 MCAL/EX_INTERRUPT/EX_INTERRUPT.o
                0x00000646                __vector_3
 .text.TIMER1_ctcMode_init
                0x00000698       0x3a MCAL/TIMER/TIMER1.o
                0x00000698                TIMER1_ctcMode_init
 .text.TIMER1_ctcMode_stop
                0x000006d2        0xc MCAL/TIMER/TIMER1.o
                0x000006d2                TIMER1_ctcMode_stop
 .text.__vector_7
                0x000006de       0x52 MCAL/TIMER/TIMER1.o
                0x000006de                __vector_7
 .text.timer1_ptr_function
                0x00000730       0x14 SERVICES/DELAY/DELAY_MS.o
                0x00000730                timer1_ptr_function
 .text.delay_ms
                0x00000744       0x2e SERVICES/DELAY/DELAY_MS.o
                0x00000744                delay_ms
                0x00000772                . = ALIGN (0x2)
 *(.fini9)
 .fini9         0x00000772        0x0 c:/program files (x86)/atmel/studio/7.0/toolchain/avr8/avr8-gnu-toolchain/bin/../lib/gcc/avr/5.4.0/avr5\libgcc.a(_exit.o)
                0x00000772                _exit
                0x00000772                exit
 *(.fini9)
 *(.fini8)
 *(.fini8)
 *(.fini7)
 *(.fini7)
 *(.fini6)
 *(.fini6)
 *(.fini5)
 *(.fini5)
 *(.fini4)
 *(.fini4)
 *(.fini3)
 *(.fini3)
 *(.fini2)
 *(.fini2)
 *(.fini1)
 *(.fini1)
 *(.fini0)
 .fini0         0x00000772        0x4 c:/program files (x86)/atmel/studio/7.0/toolchain/avr8/avr8-gnu-toolchain/bin/../lib/gcc/avr/5.4.0/avr5\libgcc.a(_exit.o)
 *(.fini0)
                0x00000776                _etext = .

.data           0x00800060        0x0 load address 0x00000776
                [!provide]                PROVIDE (__data_start, .)
 *(.data)
 *(.data*)
 *(.gnu.linkonce.d*)
 *(.rodata)
 *(.rodata*)
 *(.gnu.linkonce.r*)
                0x00800060                . = ALIGN (0x2)
                0x00800060                _edata = .
                [!provide]                PROVIDE (__data_end, .)

.bss            0x00800060        0xb
                0x00800060                PROVIDE (__bss_start, .)
 *(.bss)
 *(.bss*)
 .bss.mode      0x00800060        0x1 Application/APP.o
                0x00800060                mode
 .bss.INT2_Fptr
                0x00800061        0x2 MCAL/EX_INTERRUPT/EX_INTERRUPT.o
 .bss.INT1_Fptr
                0x00800063        0x2 MCAL/EX_INTERRUPT/EX_INTERRUPT.o
 .bss.INT0_Fptr
                0x00800065        0x2 MCAL/EX_INTERRUPT/EX_INTERRUPT.o
 .bss.TIMER1_ctc_Fptr
                0x00800067        0x2 MCAL/TIMER/TIMER1.o
 .bss.int_counter
                0x00800069        0x2 SERVICES/DELAY/DELAY_MS.o
                0x00800069                int_counter
 *(COMMON)
                0x0080006b                PROVIDE (__bss_end, .)
                0x00000776                __data_load_start = LOADADDR (.data)
                0x00000776                __data_load_end = (__data_load_start + SIZEOF (.data))

.noinit         0x0080006b        0x0
                [!provide]                PROVIDE (__noinit_start, .)
 *(.noinit*)
                [!provide]                PROVIDE (__noinit_end, .)
                0x0080006b                _end = .
                [!provide]                PROVIDE (__heap_start, .)

.eeprom         0x00810000        0x0
 *(.eeprom*)
                0x00810000                __eeprom_end = .

.fuse
 *(.fuse)
 *(.lfuse)
 *(.hfuse)
 *(.efuse)

.lock
 *(.lock*)

.signature
 *(.signature*)

.user_signatures
 *(.user_signatures*)

.stab
 *(.stab)

.stabstr
 *(.stabstr)

.stab.excl
 *(.stab.excl)

.stab.exclstr
 *(.stab.exclstr)

.stab.index
 *(.stab.index)

.stab.indexstr
 *(.stab.indexstr)

.comment        0x00000000       0x30
 *(.comment)
 .comment       0x00000000       0x30 Application/APP.o
                                 0x31 (size before relaxing)
 .comment       0x00000030       0x31 ECUAL/BUTTON/BUTTON.o
 .comment       0x00000030       0x31 ECUAL/LED/LED.o
 .comment       0x00000030       0x31 main.o
 .comment       0x00000030       0x31 MCAL/DIO/DIO.o
 .comment       0x00000030       0x31 MCAL/EX_INTERRUPT/EX_INTERRUPT.o
 .comment       0x00000030       0x31 MCAL/TIMER/TIMER1.o
 .comment       0x00000030       0x31 SERVICES/DELAY/DELAY_MS.o

.note.gnu.avr.deviceinfo
                0x00000000       0x3c
 .note.gnu.avr.deviceinfo
                0x00000000       0x3c C:/Program Files (x86)/Atmel/Studio/7.0/Packs/atmel/ATmega_DFP/1.7.374/gcc/dev/atmega32/avr5/crtatmega32.o

.note.gnu.build-id
 *(.note.gnu.build-id)

.debug
 *(.debug)

.line
 *(.line)

.debug_srcinfo
 *(.debug_srcinfo)

.debug_sfnames
 *(.debug_sfnames)

.debug_aranges  0x00000000      0x190
 *(.debug_aranges)
 .debug_aranges
                0x00000000       0x30 Application/APP.o
 .debug_aranges
                0x00000030       0x30 ECUAL/BUTTON/BUTTON.o
 .debug_aranges
                0x00000060       0x38 ECUAL/LED/LED.o
 .debug_aranges
                0x00000098       0x20 main.o
 .debug_aranges
                0x000000b8       0x38 MCAL/DIO/DIO.o
 .debug_aranges
                0x000000f0       0x38 MCAL/EX_INTERRUPT/EX_INTERRUPT.o
 .debug_aranges
                0x00000128       0x40 MCAL/TIMER/TIMER1.o
 .debug_aranges
                0x00000168       0x28 SERVICES/DELAY/DELAY_MS.o

.debug_pubnames
 *(.debug_pubnames)

.debug_info     0x00000000     0x17bf
 *(.debug_info .gnu.linkonce.wi.*)
 .debug_info    0x00000000      0x4e6 C:/Program Files (x86)/Atmel/Studio/7.0/Packs/atmel/ATmega_DFP/1.7.374/gcc/dev/atmega32/avr5/crtatmega32.o
 .debug_info    0x000004e6      0x6e9 Application/APP.o
 .debug_info    0x00000bcf      0x32b ECUAL/BUTTON/BUTTON.o
 .debug_info    0x00000efa      0x278 ECUAL/LED/LED.o
 .debug_info    0x00001172       0xa6 main.o
 .debug_info    0x00001218      0x215 MCAL/DIO/DIO.o
 .debug_info    0x0000142d      0x17e MCAL/EX_INTERRUPT/EX_INTERRUPT.o
 .debug_info    0x000015ab      0x11f MCAL/TIMER/TIMER1.o
 .debug_info    0x000016ca       0xf5 SERVICES/DELAY/DELAY_MS.o

.debug_abbrev   0x00000000      0xa50
 *(.debug_abbrev)
 .debug_abbrev  0x00000000      0x4a3 C:/Program Files (x86)/Atmel/Studio/7.0/Packs/atmel/ATmega_DFP/1.7.374/gcc/dev/atmega32/avr5/crtatmega32.o
 .debug_abbrev  0x000004a3       0xf6 Application/APP.o
 .debug_abbrev  0x00000599       0xe9 ECUAL/BUTTON/BUTTON.o
 .debug_abbrev  0x00000682       0xa1 ECUAL/LED/LED.o
 .debug_abbrev  0x00000723       0x65 main.o
 .debug_abbrev  0x00000788       0xb0 MCAL/DIO/DIO.o
 .debug_abbrev  0x00000838       0xb5 MCAL/EX_INTERRUPT/EX_INTERRUPT.o
 .debug_abbrev  0x000008ed       0xa6 MCAL/TIMER/TIMER1.o
 .debug_abbrev  0x00000993       0xbd SERVICES/DELAY/DELAY_MS.o

.debug_line     0x00000000      0xd0d
 *(.debug_line .debug_line.* .debug_line_end)
 .debug_line    0x00000000      0x116 C:/Program Files (x86)/Atmel/Studio/7.0/Packs/atmel/ATmega_DFP/1.7.374/gcc/dev/atmega32/avr5/crtatmega32.o
 .debug_line    0x00000116      0x3e3 Application/APP.o
 .debug_line    0x000004f9      0x133 ECUAL/BUTTON/BUTTON.o
 .debug_line    0x0000062c       0xad ECUAL/LED/LED.o
 .debug_line    0x000006d9       0x65 main.o
 .debug_line    0x0000073e      0x1cf MCAL/DIO/DIO.o
 .debug_line    0x0000090d      0x1db MCAL/EX_INTERRUPT/EX_INTERRUPT.o
 .debug_line    0x00000ae8      0x13b MCAL/TIMER/TIMER1.o
 .debug_line    0x00000c23       0xea SERVICES/DELAY/DELAY_MS.o

.debug_frame    0x00000000      0x3a4
 *(.debug_frame)
 .debug_frame   0x00000000       0x50 Application/APP.o
 .debug_frame   0x00000050       0x70 ECUAL/BUTTON/BUTTON.o
 .debug_frame   0x000000c0       0x54 ECUAL/LED/LED.o
 .debug_frame   0x00000114       0x24 main.o
 .debug_frame   0x00000138       0x54 MCAL/DIO/DIO.o
 .debug_frame   0x0000018c      0x12c MCAL/EX_INTERRUPT/EX_INTERRUPT.o
 .debug_frame   0x000002b8       0xac MCAL/TIMER/TIMER1.o
 .debug_frame   0x00000364       0x40 SERVICES/DELAY/DELAY_MS.o

.debug_str      0x00000000      0x66d
 *(.debug_str)
 .debug_str     0x00000000      0x196 C:/Program Files (x86)/Atmel/Studio/7.0/Packs/atmel/ATmega_DFP/1.7.374/gcc/dev/atmega32/avr5/crtatmega32.o
 .debug_str     0x00000196      0x27f Application/APP.o
                                0x28b (size before relaxing)
 .debug_str     0x00000415       0xaf ECUAL/BUTTON/BUTTON.o
                                0x2be (size before relaxing)
 .debug_str     0x000004c4       0x29 ECUAL/LED/LED.o
                                0x222 (size before relaxing)
 .debug_str     0x000004ed       0x11 main.o
                                0x16e (size before relaxing)
 .debug_str     0x000004fe       0x3e MCAL/DIO/DIO.o
                                0x23b (size before relaxing)
 .debug_str     0x0000053c       0x63 MCAL/EX_INTERRUPT/EX_INTERRUPT.o
                                0x236 (size before relaxing)
 .debug_str     0x0000059f       0x87 MCAL/TIMER/TIMER1.o
                                0x1e5 (size before relaxing)
 .debug_str     0x00000626       0x47 SERVICES/DELAY/DELAY_MS.o
                                0x1cc (size before relaxing)

.debug_loc      0x00000000      0xa49
 *(.debug_loc)
 .debug_loc     0x00000000       0xca Application/APP.o
 .debug_loc     0x000000ca      0x202 ECUAL/BUTTON/BUTTON.o
 .debug_loc     0x000002cc      0x108 ECUAL/LED/LED.o
 .debug_loc     0x000003d4      0x291 MCAL/DIO/DIO.o
 .debug_loc     0x00000665      0x2b4 MCAL/EX_INTERRUPT/EX_INTERRUPT.o
 .debug_loc     0x00000919       0xcb MCAL/TIMER/TIMER1.o
 .debug_loc     0x000009e4       0x65 SERVICES/DELAY/DELAY_MS.o

.debug_macinfo
 *(.debug_macinfo)

.debug_weaknames
 *(.debug_weaknames)

.debug_funcnames
 *(.debug_funcnames)

.debug_typenames
 *(.debug_typenames)

.debug_varnames
 *(.debug_varnames)

.debug_pubtypes
 *(.debug_pubtypes)

.debug_ranges   0x00000000      0x110
 *(.debug_ranges)
 .debug_ranges  0x00000000       0x20 Application/APP.o
 .debug_ranges  0x00000020       0x20 ECUAL/BUTTON/BUTTON.o
 .debug_ranges  0x00000040       0x28 ECUAL/LED/LED.o
 .debug_ranges  0x00000068       0x10 main.o
 .debug_ranges  0x00000078       0x28 MCAL/DIO/DIO.o
 .debug_ranges  0x000000a0       0x28 MCAL/EX_INTERRUPT/EX_INTERRUPT.o
 .debug_ranges  0x000000c8       0x30 MCAL/TIMER/TIMER1.o
 .debug_ranges  0x000000f8       0x18 SERVICES/DELAY/DELAY_MS.o

.debug_macro
 *(.debug_macro)
OUTPUT(Traffic_system.elf elf32-avr)
LOAD linker stubs
